// Jest Snapshot v1, https://goo.gl/fbAQLP

exports[`e2e [dev] run tests 1`] = `
"
        When using server.command in jest config you must specify your port.

        For example:
        
        module.exports = {
          server: {
            command: 'node dist/server.js',
            port: 3100,
          },
        }
jest failed with status code \\"1\\""
`;

exports[`e2e [prod] run tests 1`] = `
"
        When using server.command in jest config you must specify your port.

        For example:
        
        module.exports = {
          server: {
            command: 'node dist/server.js',
            port: 3100,
          },
        }
jest failed with status code \\"1\\""
`;
